// Jest Snapshot v1, https://goo.gl/fbAQLP

exports[`admin/articles index 1`] = `
[MockFunction] {
  "calls": Array [
    Array [
      Object {
        "loading": true,
        "method": "get",
        "params": Object {
          "limit": 500,
        },
        "url": "/admin-api/article-categories",
      },
    ],
    Array [
      Object {
        "method": "get",
        "url": "/admin-api/articles?page=1&limit=20",
      },
    ],
  ],
  "results": Array [
    Object {
      "type": "return",
      "value": Promise {
        "reject": [Function],
        "resolve": [Function],
      },
    },
    Object {
      "type": "return",
      "value": Promise {
        "reject": [Function],
        "resolve": [Function],
      },
    },
  ],
}
`;
